// Jest Snapshot v1, https://goo.gl/fbAQLP

exports[`Should render AdminPage component 1`] = `
ShallowWrapper {
  Symbol(enzyme.__root__): [Circular],
  Symbol(enzyme.__unrendered__): <App
    alert={
      Object {
        "messsage": "",
        "type": "",
      }
    }
  />,
  Symbol(enzyme.__renderer__): Object {
    "batchedUpdates": [Function],
    "checkPropTypes": [Function],
    "getNode": [Function],
    "render": [Function],
    "simulateError": [Function],
    "simulateEvent": [Function],
    "unmount": [Function],
  },
  Symbol(enzyme.__node__): Object {
    "instance": null,
    "key": undefined,
    "nodeType": "host",
    "props": Object {
      "children": Array [
        <AppHeader />,
        <div
          className="container"
        >
          <div
            className="col-sm-8 col-sm-offset-2"
          >
            <Router
              history={
                Object {
                  "action": "POP",
                  "block": [Function],
                  "createHref": [Function],
                  "go": [Function],
                  "goBack": [Function],
                  "goForward": [Function],
                  "length": 1,
                  "listen": [Function],
                  "location": Object {
                    "hash": "",
                    "pathname": "/",
                    "search": "",
                    "state": undefined,
                  },
                  "push": [Function],
                  "replace": [Function],
                }
              }
            >
              <div>
                <PrivateRoute
                  component={[Function]}
                  exact={true}
                  path="/"
                />
                <PrivateRoute
                  component={[Function]}
                  exact={true}
                  path="/private"
                />
                <PrivateRoute
                  component={[Function]}
                  exact={true}
                  path="/admin"
                />
                <Route
                  component={[Function]}
                  path="/login"
                />
                <Route
                  component={[Function]}
                  path="/register"
                />
              </div>
            </Router>
          </div>
        </div>,
      ],
      "className": "jumbotron",
    },
    "ref": null,
    "rendered": Array [
      Object {
        "instance": null,
        "key": undefined,
        "nodeType": "class",
        "props": Object {},
        "ref": null,
        "rendered": null,
        "type": [Function],
      },
      Object {
        "instance": null,
        "key": undefined,
        "nodeType": "host",
        "props": Object {
          "children": <div
            className="col-sm-8 col-sm-offset-2"
          >
            <Router
              history={
                Object {
                  "action": "POP",
                  "block": [Function],
                  "createHref": [Function],
                  "go": [Function],
                  "goBack": [Function],
                  "goForward": [Function],
                  "length": 1,
                  "listen": [Function],
                  "location": Object {
                    "hash": "",
                    "pathname": "/",
                    "search": "",
                    "state": undefined,
                  },
                  "push": [Function],
                  "replace": [Function],
                }
              }
            >
              <div>
                <PrivateRoute
                  component={[Function]}
                  exact={true}
                  path="/"
                />
                <PrivateRoute
                  component={[Function]}
                  exact={true}
                  path="/private"
                />
                <PrivateRoute
                  component={[Function]}
                  exact={true}
                  path="/admin"
                />
                <Route
                  component={[Function]}
                  path="/login"
                />
                <Route
                  component={[Function]}
                  path="/register"
                />
              </div>
            </Router>
          </div>,
          "className": "container",
        },
        "ref": null,
        "rendered": Object {
          "instance": null,
          "key": undefined,
          "nodeType": "host",
          "props": Object {
            "children": Array [
              undefined,
              <Router
                history={
                  Object {
                    "action": "POP",
                    "block": [Function],
                    "createHref": [Function],
                    "go": [Function],
                    "goBack": [Function],
                    "goForward": [Function],
                    "length": 1,
                    "listen": [Function],
                    "location": Object {
                      "hash": "",
                      "pathname": "/",
                      "search": "",
                      "state": undefined,
                    },
                    "push": [Function],
                    "replace": [Function],
                  }
                }
              >
                <div>
                  <PrivateRoute
                    component={[Function]}
                    exact={true}
                    path="/"
                  />
                  <PrivateRoute
                    component={[Function]}
                    exact={true}
                    path="/private"
                  />
                  <PrivateRoute
                    component={[Function]}
                    exact={true}
                    path="/admin"
                  />
                  <Route
                    component={[Function]}
                    path="/login"
                  />
                  <Route
                    component={[Function]}
                    path="/register"
                  />
                </div>
              </Router>,
            ],
            "className": "col-sm-8 col-sm-offset-2",
          },
          "ref": null,
          "rendered": Array [
            undefined,
            Object {
              "instance": null,
              "key": undefined,
              "nodeType": "class",
              "props": Object {
                "children": <div>
                  <PrivateRoute
                    component={[Function]}
                    exact={true}
                    path="/"
                  />
                  <PrivateRoute
                    component={[Function]}
                    exact={true}
                    path="/private"
                  />
                  <PrivateRoute
                    component={[Function]}
                    exact={true}
                    path="/admin"
                  />
                  <Route
                    component={[Function]}
                    path="/login"
                  />
                  <Route
                    component={[Function]}
                    path="/register"
                  />
                </div>,
                "history": Object {
                  "action": "POP",
                  "block": [Function],
                  "createHref": [Function],
                  "go": [Function],
                  "goBack": [Function],
                  "goForward": [Function],
                  "length": 1,
                  "listen": [Function],
                  "location": Object {
                    "hash": "",
                    "pathname": "/",
                    "search": "",
                    "state": undefined,
                  },
                  "push": [Function],
                  "replace": [Function],
                },
              },
              "ref": null,
              "rendered": Object {
                "instance": null,
                "key": undefined,
                "nodeType": "host",
                "props": Object {
                  "children": Array [
                    <PrivateRoute
                      component={[Function]}
                      exact={true}
                      path="/"
                    />,
                    <PrivateRoute
                      component={[Function]}
                      exact={true}
                      path="/private"
                    />,
                    <PrivateRoute
                      component={[Function]}
                      exact={true}
                      path="/admin"
                    />,
                    <Route
                      component={[Function]}
                      path="/login"
                    />,
                    <Route
                      component={[Function]}
                      path="/register"
                    />,
                  ],
                },
                "ref": null,
                "rendered": Array [
                  Object {
                    "instance": null,
                    "key": undefined,
                    "nodeType": "function",
                    "props": Object {
                      "component": [Function],
                      "exact": true,
                      "path": "/",
                    },
                    "ref": null,
                    "rendered": null,
                    "type": [Function],
                  },
                  Object {
                    "instance": null,
                    "key": undefined,
                    "nodeType": "function",
                    "props": Object {
                      "component": [Function],
                      "exact": true,
                      "path": "/private",
                    },
                    "ref": null,
                    "rendered": null,
                    "type": [Function],
                  },
                  Object {
                    "instance": null,
                    "key": undefined,
                    "nodeType": "function",
                    "props": Object {
                      "component": [Function],
                      "exact": true,
                      "path": "/admin",
                    },
                    "ref": null,
                    "rendered": null,
                    "type": [Function],
                  },
                  Object {
                    "instance": null,
                    "key": undefined,
                    "nodeType": "class",
                    "props": Object {
                      "component": [Function],
                      "path": "/login",
                    },
                    "ref": null,
                    "rendered": null,
                    "type": [Function],
                  },
                  Object {
                    "instance": null,
                    "key": undefined,
                    "nodeType": "class",
                    "props": Object {
                      "component": [Function],
                      "path": "/register",
                    },
                    "ref": null,
                    "rendered": null,
                    "type": [Function],
                  },
                ],
                "type": "div",
              },
              "type": [Function],
            },
          ],
          "type": "div",
        },
        "type": "div",
      },
    ],
    "type": "div",
  },
  Symbol(enzyme.__nodes__): Array [
    Object {
      "instance": null,
      "key": undefined,
      "nodeType": "host",
      "props": Object {
        "children": Array [
          <AppHeader />,
          <div
            className="container"
          >
            <div
              className="col-sm-8 col-sm-offset-2"
            >
              <Router
                history={
                  Object {
                    "action": "POP",
                    "block": [Function],
                    "createHref": [Function],
                    "go": [Function],
                    "goBack": [Function],
                    "goForward": [Function],
                    "length": 1,
                    "listen": [Function],
                    "location": Object {
                      "hash": "",
                      "pathname": "/",
                      "search": "",
                      "state": undefined,
                    },
                    "push": [Function],
                    "replace": [Function],
                  }
                }
              >
                <div>
                  <PrivateRoute
                    component={[Function]}
                    exact={true}
                    path="/"
                  />
                  <PrivateRoute
                    component={[Function]}
                    exact={true}
                    path="/private"
                  />
                  <PrivateRoute
                    component={[Function]}
                    exact={true}
                    path="/admin"
                  />
                  <Route
                    component={[Function]}
                    path="/login"
                  />
                  <Route
                    component={[Function]}
                    path="/register"
                  />
                </div>
              </Router>
            </div>
          </div>,
        ],
        "className": "jumbotron",
      },
      "ref": null,
      "rendered": Array [
        Object {
          "instance": null,
          "key": undefined,
          "nodeType": "class",
          "props": Object {},
          "ref": null,
          "rendered": null,
          "type": [Function],
        },
        Object {
          "instance": null,
          "key": undefined,
          "nodeType": "host",
          "props": Object {
            "children": <div
              className="col-sm-8 col-sm-offset-2"
            >
              <Router
                history={
                  Object {
                    "action": "POP",
                    "block": [Function],
                    "createHref": [Function],
                    "go": [Function],
                    "goBack": [Function],
                    "goForward": [Function],
                    "length": 1,
                    "listen": [Function],
                    "location": Object {
                      "hash": "",
                      "pathname": "/",
                      "search": "",
                      "state": undefined,
                    },
                    "push": [Function],
                    "replace": [Function],
                  }
                }
              >
                <div>
                  <PrivateRoute
                    component={[Function]}
                    exact={true}
                    path="/"
                  />
                  <PrivateRoute
                    component={[Function]}
                    exact={true}
                    path="/private"
                  />
                  <PrivateRoute
                    component={[Function]}
                    exact={true}
                    path="/admin"
                  />
                  <Route
                    component={[Function]}
                    path="/login"
                  />
                  <Route
                    component={[Function]}
                    path="/register"
                  />
                </div>
              </Router>
            </div>,
            "className": "container",
          },
          "ref": null,
          "rendered": Object {
            "instance": null,
            "key": undefined,
            "nodeType": "host",
            "props": Object {
              "children": Array [
                undefined,
                <Router
                  history={
                    Object {
                      "action": "POP",
                      "block": [Function],
                      "createHref": [Function],
                      "go": [Function],
                      "goBack": [Function],
                      "goForward": [Function],
                      "length": 1,
                      "listen": [Function],
                      "location": Object {
                        "hash": "",
                        "pathname": "/",
                        "search": "",
                        "state": undefined,
                      },
                      "push": [Function],
                      "replace": [Function],
                    }
                  }
                >
                  <div>
                    <PrivateRoute
                      component={[Function]}
                      exact={true}
                      path="/"
                    />
                    <PrivateRoute
                      component={[Function]}
                      exact={true}
                      path="/private"
                    />
                    <PrivateRoute
                      component={[Function]}
                      exact={true}
                      path="/admin"
                    />
                    <Route
                      component={[Function]}
                      path="/login"
                    />
                    <Route
                      component={[Function]}
                      path="/register"
                    />
                  </div>
                </Router>,
              ],
              "className": "col-sm-8 col-sm-offset-2",
            },
            "ref": null,
            "rendered": Array [
              undefined,
              Object {
                "instance": null,
                "key": undefined,
                "nodeType": "class",
                "props": Object {
                  "children": <div>
                    <PrivateRoute
                      component={[Function]}
                      exact={true}
                      path="/"
                    />
                    <PrivateRoute
                      component={[Function]}
                      exact={true}
                      path="/private"
                    />
                    <PrivateRoute
                      component={[Function]}
                      exact={true}
                      path="/admin"
                    />
                    <Route
                      component={[Function]}
                      path="/login"
                    />
                    <Route
                      component={[Function]}
                      path="/register"
                    />
                  </div>,
                  "history": Object {
                    "action": "POP",
                    "block": [Function],
                    "createHref": [Function],
                    "go": [Function],
                    "goBack": [Function],
                    "goForward": [Function],
                    "length": 1,
                    "listen": [Function],
                    "location": Object {
                      "hash": "",
                      "pathname": "/",
                      "search": "",
                      "state": undefined,
                    },
                    "push": [Function],
                    "replace": [Function],
                  },
                },
                "ref": null,
                "rendered": Object {
                  "instance": null,
                  "key": undefined,
                  "nodeType": "host",
                  "props": Object {
                    "children": Array [
                      <PrivateRoute
                        component={[Function]}
                        exact={true}
                        path="/"
                      />,
                      <PrivateRoute
                        component={[Function]}
                        exact={true}
                        path="/private"
                      />,
                      <PrivateRoute
                        component={[Function]}
                        exact={true}
                        path="/admin"
                      />,
                      <Route
                        component={[Function]}
                        path="/login"
                      />,
                      <Route
                        component={[Function]}
                        path="/register"
                      />,
                    ],
                  },
                  "ref": null,
                  "rendered": Array [
                    Object {
                      "instance": null,
                      "key": undefined,
                      "nodeType": "function",
                      "props": Object {
                        "component": [Function],
                        "exact": true,
                        "path": "/",
                      },
                      "ref": null,
                      "rendered": null,
                      "type": [Function],
                    },
                    Object {
                      "instance": null,
                      "key": undefined,
                      "nodeType": "function",
                      "props": Object {
                        "component": [Function],
                        "exact": true,
                        "path": "/private",
                      },
                      "ref": null,
                      "rendered": null,
                      "type": [Function],
                    },
                    Object {
                      "instance": null,
                      "key": undefined,
                      "nodeType": "function",
                      "props": Object {
                        "component": [Function],
                        "exact": true,
                        "path": "/admin",
                      },
                      "ref": null,
                      "rendered": null,
                      "type": [Function],
                    },
                    Object {
                      "instance": null,
                      "key": undefined,
                      "nodeType": "class",
                      "props": Object {
                        "component": [Function],
                        "path": "/login",
                      },
                      "ref": null,
                      "rendered": null,
                      "type": [Function],
                    },
                    Object {
                      "instance": null,
                      "key": undefined,
                      "nodeType": "class",
                      "props": Object {
                        "component": [Function],
                        "path": "/register",
                      },
                      "ref": null,
                      "rendered": null,
                      "type": [Function],
                    },
                  ],
                  "type": "div",
                },
                "type": [Function],
              },
            ],
            "type": "div",
          },
          "type": "div",
        },
      ],
      "type": "div",
    },
  ],
  Symbol(enzyme.__options__): Object {
    "adapter": ReactSixteenAdapter {
      "options": Object {
        "enableComponentDidUpdateOnSetState": true,
        "legacyContextMode": "parent",
        "lifecycles": Object {
          "componentDidUpdate": Object {
            "onSetState": true,
          },
          "getChildContext": Object {
            "calledByRenderer": false,
          },
          "getDerivedStateFromError": true,
          "getDerivedStateFromProps": Object {
            "hasShouldComponentUpdateBug": false,
          },
          "getSnapshotBeforeUpdate": true,
          "setState": Object {
            "skipsComponentDidUpdateOnNullish": true,
          },
        },
      },
    },
    Symbol(enzyme.__providerValues__): undefined,
  },
  Symbol(enzyme.__providerValues__): Map {},
  Symbol(enzyme.__childContext__): null,
}
`;
